[preview.colorlib.com/theme/photography/index.html]
[preview.colorlib.com/theme/photography/img/fav.png]
[backblue.gif]
[fade.gif]
[index.html]
[preview.colorlib.com/theme/photography/css/linearicons.css+font-awesome.min.css+magnific-popup.css+nice-select.css+owl.carousel.css+simplelightbox.min.css+bootstrap.css+main.css.pagespeed.cc.4Znbg69Cl-.css]
[preview.colorlib.com/theme/photography/img/logo.png]
[preview.colorlib.com/theme/photography/generic.html]
[preview.colorlib.com/theme/photography/elements.html]
[preview.colorlib.com/theme/photography/img/slider1.jpg]
[preview.colorlib.com/theme/photography/img/slider2.jpg]
[preview.colorlib.com/theme/photography/img/slider3.jpg]
[preview.colorlib.com/theme/photography/img/about-img.jpg]
[preview.colorlib.com/theme/photography/img/p1.jpg]
[preview.colorlib.com/theme/photography/img/p2.jpg]
[preview.colorlib.com/theme/photography/img/p3.jpg]
[preview.colorlib.com/theme/photography/img/p4.jpg]
[preview.colorlib.com/theme/photography/img/p5.jpg]
[preview.colorlib.com/theme/photography/img/p6.jpg]
[preview.colorlib.com/theme/photography/img/p7.jpg]
[preview.colorlib.com/theme/photography/img/p8.jpg]
[preview.colorlib.com/theme/photography/img/p9.jpg]
[preview.colorlib.com/theme/photography/img/p10.jpg]
[preview.colorlib.com/theme/photography/img/p11.jpg]
[preview.colorlib.com/theme/photography/img/p12.jpg]
[preview.colorlib.com/theme/photography/img/p13.jpg]
[preview.colorlib.com/theme/photography/img/p14.jpg]
[preview.colorlib.com/theme/photography/img/p15.jpg]
[preview.colorlib.com/theme/photography/img/p16.jpg]
[preview.colorlib.com/theme/photography/img/b1.jpg]
[preview.colorlib.com/theme/photography/img/user.png]
[preview.colorlib.com/theme/photography/img/b2.jpg]
[preview.colorlib.com/theme/photography/img/b3.jpg]
[preview.colorlib.com/theme/photography/img/contact-img.jpg]
[preview.colorlib.com/theme/photography/js/vendor/jquery-2.2.4.min.js]
[cdnjs.cloudflare.com/ajax/libs/popper.js/1.11.0/umd/popper.min.js]
[preview.colorlib.com/theme/photography/js/vendor,_bootstrap.min.js+jquery.ajaxchimp.min.js.pagespeed.jc.qoYHfLhftL.js]
[preview.colorlib.com/theme/photography/js/owl.carousel.min.js+jquery.nice-select.min.js+jquery.sticky.js+parallax.min.js+simple-lightbox.min.js+main.js.pagespeed.jc.9wXCcNns7K.js]
[preview.colorlib.com/theme/photography/index.html]
[preview.colorlib.com/theme/photography/img/fav.html]
[preview.colorlib.com/theme/photography/fonts/Linearicons-Free54e9.eot]
[preview.colorlib.com/theme/photography/fonts/Linearicons-Freed41d.eot]
[code.jquery.com/ui/1.12.1/jquery-ui.js]
[preview.colorlib.com/theme/photography/fonts/Linearicons-Free54e9.woff2]
[preview.colorlib.com/theme/photography/fonts/Linearicons-Free54e9.woff]
[preview.colorlib.com/theme/photography/fonts/Linearicons-Free54e9.svg]
[preview.colorlib.com/theme/photography/fonts/Linearicons-Free54e9.ttf]
[preview.colorlib.com/theme/photography/fonts/fontawesome-webfont3e6e.eot]
[preview.colorlib.com/theme/photography/fonts/fontawesome-webfontd41d.eot]
[preview.colorlib.com/theme/photography/fonts/fontawesome-webfont3e6e.woff2]
[preview.colorlib.com/theme/photography/fonts/fontawesome-webfont3e6e.woff]
[preview.colorlib.com/theme/photography/fonts/fontawesome-webfont3e6e.ttf]
[preview.colorlib.com/theme/photography/fonts/fontawesome-webfont3e6e.svg]
[preview.colorlib.com/theme/photography/css/owl.video.play.png]
[preview.colorlib.com/theme/photography/img/elements/primary-check.png]
[preview.colorlib.com/theme/photography/img/elements/success-check.png]
[preview.colorlib.com/theme/photography/img/elements/disabled-check.png]
[preview.colorlib.com/theme/photography/img/elements/primary-radio.png]
[preview.colorlib.com/theme/photography/img/elements/success-radio.png]
[preview.colorlib.com/theme/photography/img/elements/disabled-radio.png]
[preview.colorlib.com/theme/photography/css/linearicons.css+font-awesome.min.css+magnific-popup.css+nice-select.css+owl.carousel.css+simplelightbox.min.css+bootstrap.css+main.css.pagespeed.cc.4Znbg69Cl-.css]
[preview.colorlib.com/cdn-cgi/zaraz/sd0d9.js]
[preview.colorlib.com/theme/photography/img/elements/fav.png]
[preview.colorlib.com/theme/photography/css/linearicons.css+owl.carousel.css+font-awesome.min.css+nice-select.css+magnific-popup.css+bootstrap.css+main.css.pagespeed.cc.RkaJONpzCk.css]
[preview.colorlib.com/theme/photography/index-2.html]
[preview.colorlib.com/theme/photography/img/xlogo.png.pagespeed.ic.he6rFdh8Nd.png]
[preview.colorlib.com/theme/photography/img/xabout-img.jpg.pagespeed.ic.-g_Vd30xW0.jpg]
[preview.colorlib.com/theme/photography/img/a.jpg]
[preview.colorlib.com/theme/photography/img/a2.jpg]
[preview.colorlib.com/theme/photography/js/vendor,_bootstrap.min.js+jquery.ajaxchimp.min.js+jquery.sticky.js.pagespeed.jc.4VnHMCiQgt.js]
[preview.colorlib.com/theme/photography/generic.html]
[preview.colorlib.com/theme/photography/js/owl.carousel.min.js+jquery.nice-select.min.js+jquery.magnific-popup.min.js+main.js.pagespeed.jc.vRYgv7iuR2.js]
[preview.colorlib.com/theme/photography/css/A.linearicons.css+owl.carousel.css+font-awesome.min.css+nice-select.css+magnific-popup.css+bootstrap.css+main.css,Mcc.RkaJONpzCk.css.pagespeed.cf.C35pHAgW2B.css]
[preview.colorlib.com/theme/photography/img/elements/d.jpg]
[preview.colorlib.com/theme/photography/img/elements/f1.jpg]
[preview.colorlib.com/theme/photography/img/elements/f2.jpg]
[preview.colorlib.com/theme/photography/img/elements/f3.jpg]
[preview.colorlib.com/theme/photography/img/elements/f4.jpg]
[preview.colorlib.com/theme/photography/img/elements/f5.jpg]
[preview.colorlib.com/theme/photography/img/elements/f6.jpg]
[preview.colorlib.com/theme/photography/img/elements/f7.jpg]
[preview.colorlib.com/theme/photography/img/elements/f8.jpg]
[preview.colorlib.com/theme/photography/img/elements/g1.jpg]
[preview.colorlib.com/theme/photography/img/elements/g2.jpg]
[preview.colorlib.com/theme/photography/img/elements/g3.jpg]
[preview.colorlib.com/theme/photography/img/elements/g4.jpg]
[preview.colorlib.com/theme/photography/img/elements/g5.jpg]
[preview.colorlib.com/theme/photography/img/elements/g6.jpg]
[preview.colorlib.com/theme/photography/img/elements/g7.jpg]
[preview.colorlib.com/theme/photography/img/elements/g8.jpg]
[preview.colorlib.com/theme/photography/js/vendor/bootstrap.min.js]
[preview.colorlib.com/theme/photography/js/owl.carousel.min.js]
[preview.colorlib.com/theme/photography/js/jquery.sticky.js]
[preview.colorlib.com/theme/photography/js/jquery.nice-select.min.js]
[preview.colorlib.com/theme/photography/js/parallax.min.js]
[preview.colorlib.com/theme/photography/js/jquery.magnific-popup.min.js]
[preview.colorlib.com/theme/photography/elements.html]
[preview.colorlib.com/theme/photography/fonts/Linearicons-Free54e9.svg]
[preview.colorlib.com/theme/photography/fonts/fontawesome-webfont3e6e.svg]
[preview.colorlib.com/theme/photography/css/owl.video.play.html]
[preview.colorlib.com/theme/photography/img/elements/fav.html]
[preview.colorlib.com/theme/photography/css/linearicons.css+owl.carousel.css+font-awesome.min.css+nice-select.css+magnific-popup.css+bootstrap.css+main.css.pagespeed.cc.RkaJONpzCk.css]
[preview.colorlib.com/theme/photography/js/main.js]
[preview.colorlib.com/theme/photography/img/xslider1.jpg.pagespeed.ic.YaKOCOKLkW.jpg]
[preview.colorlib.com/theme/photography/css/A.linearicons.css+font-awesome.min.css+magnific-popup.css+nice-select.css+owl.carousel.css+simplelightbox.min.css+bootstrap.css+main.css,Mcc.4Znbg69Cl-.css.pagespeed.cf.7zmI]
[preview.colorlib.com/theme/photography/img/xslider2.jpg.pagespeed.ic.f3-_zdi7ma.jpg]
[preview.colorlib.com/theme/photography/img/xslider3.jpg.pagespeed.ic.UfkfZiwZKF.jpg]
[preview.colorlib.com/theme/photography/img/xp1.jpg.pagespeed.ic.9UoHdCwWxA.jpg]
[preview.colorlib.com/theme/photography/img/xp2.jpg.pagespeed.ic.JJZ8XlgmvJ.jpg]
[preview.colorlib.com/theme/photography/img/xp3.jpg.pagespeed.ic.GqMjBesZHV.jpg]
[preview.colorlib.com/theme/photography/img/xp4.jpg.pagespeed.ic.bxQCkqRnP6.jpg]
[preview.colorlib.com/theme/photography/img/xp5.jpg.pagespeed.ic._fYF7FSKyZ.jpg]
[preview.colorlib.com/theme/photography/img/xp6.jpg.pagespeed.ic.-Y8NGX1Xnj.jpg]
[preview.colorlib.com/theme/photography/img/xp7.jpg.pagespeed.ic.OdT3gCeLjF.jpg]
[preview.colorlib.com/theme/photography/img/xp8.jpg.pagespeed.ic.nUnng0AD9n.jpg]
[preview.colorlib.com/theme/photography/img/xp9.jpg.pagespeed.ic.tm7oBiYp80.jpg]
[preview.colorlib.com/theme/photography/img/xp10.jpg.pagespeed.ic.xYmbWlaZ05.jpg]
[preview.colorlib.com/theme/photography/img/xp11.jpg.pagespeed.ic.YT1MChsL-p.jpg]
[preview.colorlib.com/theme/photography/img/xp12.jpg.pagespeed.ic.XGREdA26Dn.jpg]
[preview.colorlib.com/theme/photography/img/xp13.jpg.pagespeed.ic.yU3Z8SAYmi.jpg]
[preview.colorlib.com/theme/photography/img/xp14.jpg.pagespeed.ic.IwGBP04z6f.jpg]
[preview.colorlib.com/theme/photography/img/xp15.jpg.pagespeed.ic.CSPfgKGK6L.jpg]
[preview.colorlib.com/theme/photography/img/xp16.jpg.pagespeed.ic.VbGlCFMkbf.jpg]
[preview.colorlib.com/theme/photography/img/xb1.jpg.pagespeed.ic.2GNmxXBCxy.jpg]
[preview.colorlib.com/theme/photography/img/xuser.png.pagespeed.ic.PVby7EqVex.jpg]
[preview.colorlib.com/theme/photography/img/xb2.jpg.pagespeed.ic.t-_Xe-nMmN.jpg]
[preview.colorlib.com/theme/photography/img/xb3.jpg.pagespeed.ic.Amd-Zplp8z.jpg]
[preview.colorlib.com/theme/photography/img/xcontact-img.jpg.pagespeed.ic.QX2pLlv6fM.jpg]
[preview.colorlib.com/theme/photography/index-2.html]
[preview.colorlib.com/theme/photography/img/a.html]
[preview.colorlib.com/theme/photography/img/a2.html]
[preview.colorlib.com/theme/photography/css/A.linearicons.css+owl.carousel.css+font-awesome.min.css+nice-select.css+magnific-popup.css+bootstrap.css+main.css,Mcc.RkaJONpzCk.css.pagespeed.cf.C35pHAgW2B.css]
[preview.colorlib.com/theme/photography/css/A.linearicons.css+font-awesome.min.css+magnific-popup.css+nice-select.css+owl.carousel.css+simplelightbox.min.css+bootstrap.css+main.css,Mcc.4Znbg69Cl-.css.pagespeed.cf.7zmI]
